07-27 12:17:55.630  1131  1774 D GpsFreezeProc: pkgs:com.netease.newsreader.activity
07-27 12:18:10.580 30249 30279 I HiApp.PackageService: install|pkg:com.netease.newsreader.activity|path:/data/user/0/com.huawei.appmarket/files/predl_com.netease.newsreader.activity_C9147.apk|flag:1{6015} PackageManagerRunnable PackageManagerRunnable run pkg:com.netease.newsreader.activity,path:/data/user/0/com.huawei.appmarket/files/predl_com.netease.newsreader.activity_C9147.apk,processType:INSTALL,flag:1
07-27 12:18:10.584 30249 30279 I HiApp.PackageService: install|pkg:com.netease.newsreader.activity|path:/data/user/0/com.huawei.appmarket/files/predl_com.netease.newsreader.activity_C9147.apk|flag:1{6015} InstallProcess innerInstall begin:com.netease.newsreader.activity,/data/user/0/com.huawei.appmarket/files/predl_com.netease.newsreader.activity_C9147.apk
07-27 12:18:10.592  1131  1359 I ActivityManager_activity: Going to sleep and all paused
07-27 12:18:10.599 30249  2886 W uawei.appmarke: resources.arsc in APK '/data/user/0/com.huawei.appmarket/files/predl_com.netease.newsreader.activity_C9147.apk' is compressed.
07-27 12:18:10.714  1131  1131 D DeviceIdleController: Setting activity manager temp whitelist to [1000]
07-27 12:18:10.857  2041  2041 I HwLauncher:   mDownloadid=com.netease.newsreader.activity mProgress=0.0 mDownloadtitle=正在安装 mDownloadType=1 mOp=10 mRetry=0 mUser=UserHandle{0} 
07-27 12:18:10.995 30249 30279 I HiApp.PackageService: AsyncTask #28{6016} PreDldInsCall status view type:3,pkg:com.netease.newsreader.activity
07-27 12:18:11.225  2041  2174 I HwLauncher: SimpleAllAppsList  updatePackage : package[com.kugou.android] matched activity's size is 1 and data List size is 0
07-27 12:18:13.314 30249 30279 I HiApp.PackageService: install|pkg:com.netease.newsreader.activity|path:/data/user/0/com.huawei.appmarket/files/predl_com.netease.newsreader.activity_C9147.apk|flag:1{6015} InstallProcessSdk24 innerInstall fsync file end:com.netease.newsreader.activity
07-27 12:18:14.192 30249 30279 I HiApp.PackageService: install|pkg:com.netease.newsreader.activity|path:/data/user/0/com.huawei.appmarket/files/predl_com.netease.newsreader.activity_C9147.apk|flag:1{6015} InstallProcess inner install end!com.netease.newsreader.activity
07-27 12:18:14.602  1131  1359 D DeviceIdleController: Setting activity manager temp whitelist to [1000, 10051]
07-27 12:18:15.942  2001  2106 I AppResManager: not allow keep alive request , pkg : com.hp.run.activity
07-27 12:18:15.943  2001  2106 I ApplistMgr: Standby unprotected apps: [com.android.browser, com.android.gallery3d, com.huawei.fans, com.huawei.vdrive, com.android.storagemanager, com.example.android.notepad, com.huawei.smarthome, com.ximalaya.ting.android, com.huawei.android.totemweather, com.huawei.contactscamcard, com.huawei.hifolder, com.ss.android.article.video, com.huawei.vrservice, com.sankuai.meituan, com.sina.weibo, com.huawei.lives, com.android.dreams.basic, com.sina.news, com.huawei.featurelayer.sharedfeature.map, com.huawei.tips, com.jingdong.app.mall, com.huawei.hwvoipservice, com.huawei.mycenter, com.huawei.hiskytone, com.huawei.gameassistant, com.taobao.taobao, com.android.simappdialog, com.huawei.scenepack, com.microsoft.translator, com.ss.android.article.news, com.huawei.vrinstaller, com.android.calculator2, com.huawei.hwvplayer.youku, com.huawei.compass, com.booking, com.android.soundrecorder, com.baidu.BaiduMap, com.huawei.scanner, com.huawei.android.tips, com.realvnc.android.remote, com.xy.smartmmsplugin.remote, com.android.wallpaperbackup, com.huawei.numberidentity, com.huawei.fastapp, com.unionpay.tsmservice, com.suning.mobile.ebuy, com.huawei.hwireader, com.huawei.featurelayer.sharedfeature.baidu, com.google.android.syncadapters.contacts, com.huawei.agingtool, com.glgjing.marvelx, com.twitter.android, com.facebook.katana, com.baidu.browser.apps, com.baidu.appsearch, com.snda.wifilocating, cn.opda.a.phonoalbumshoushou, com.qiyi.video, com.kugou.android, com.tencent.android.qqdownloader, com.jm.android.jumei, com.netease.newsreader.activity, com.smile.gifmaker, com.mt.mtxx.mtxx, com.tencent.qqlive, com.youku.phone, org.mozilla.firefox, com.sdu.didi.psnger, com.facebook.lite, com.apkpure.aegon, com.skype.raider, com.whatsapp, com.rovio.angrybirds, com.qzone, com.amazon.mShop.android.shopping, com.netflix.mediaclient, me.lyft.android, com.moji.mjweather, com.tencent.ig, ctrip.android.view, me.ele, com.xingin.xhs, com.ss.android.ugc.trill, com.google.android.youtube, com.netease.yysbwp.aligames, com.tencent.tmgp.sgame, com.dianping.v1, cn.wps.moffice_eng, com.android.chrome]
07-27 12:18:16.896 26090 31432 I Finsky  : [3043] VerifyAppsInstallTask.c(23): Verify: Skipping anti malware verification due to pre-check failure. package=com.netease.newsreader.activity
07-27 12:18:17.477 26090 26090 I Finsky  : [1] VerifyInstallTask.hT(6): Verification complete: id=46, package_name=com.netease.newsreader.activity
07-27 12:18:17.739  1131  1359 D PackageManager: installPackageLI-> install derivePackageAbi case, pkg=Package{e53fd74 com.netease.newsreader.activity}, primaryCpuAbi=arm64-v8a
07-27 12:18:17.780  1131  1359 D PackageManager: mFrozenPackages add package:com.netease.newsreader.activity
07-27 12:18:17.780  1131  1359 I PackageManager_install: replacePackageLI: new=Package{e53fd74 com.netease.newsreader.activity}, old=Package{cb4729d com.netease.newsreader.activity}
07-27 12:18:17.781  1131  1274 I ActivityManager: Force stopping com.netease.newsreader.activity appid=10161 user=-1: installPackageLI
07-27 12:18:17.813  1131  1274 I ActivityManager_activity: Going to sleep and all paused
07-27 12:18:19.382  1131  1274 I ActivityManager: Force stopping com.netease.newsreader.activity appid=10161 user=-1: uninstall pkg
07-27 12:18:19.429  1131  1274 I ActivityManager_activity: Going to sleep and all paused
07-27 12:18:19.438  1131  1359 I PackageManager: Update package com.netease.newsreader.activity code path from /data/app/com.netease.newsreader.activity-TZJgVqeQNiFjQ_TS0XTCkA== to /data/app/com.netease.newsreader.activity-4ZM3a4CIOaXE3LlHjWYjjw==; Retain data and using new
07-27 12:18:19.438  1131  1359 I PackageManager: Update package com.netease.newsreader.activity resource path from /data/app/com.netease.newsreader.activity-TZJgVqeQNiFjQ_TS0XTCkA== to /data/app/com.netease.newsreader.activity-4ZM3a4CIOaXE3LlHjWYjjw==; Retain data and using new
07-27 12:18:19.499  1131  1359 I PackageManager: Removing old permission tree: com.android.permission.SEND_NETEASE_POMELO_PUSH_SERVICE_NEWS from package com.netease.newsreader.activity
07-27 12:18:21.744   682 11718 D installd: Mismatched cache GID/mode at /data/data/com.netease.newsreader.activity/cache: found 10161/1529 but expected 20161/1529
07-27 12:18:21.744   682 11718 D installd: Mismatched cache GID/mode at /data/data/com.netease.newsreader.activity/code_cache: found 10161/1529 but expected 20161/1529
07-27 12:18:21.828   682 11718 D installd: Mismatched cache GID/mode at /data/user_de/0/com.netease.newsreader.activity/cache: found 10161/1529 but expected 20161/1529
07-27 12:18:21.828   682 11718 D installd: Mismatched cache GID/mode at /data/user_de/0/com.netease.newsreader.activity/code_cache: found 10161/1529 but expected 20161/1529
07-27 12:18:21.832  1131  1359 D PackageManager: mFrozenPackages remove package:com.netease.newsreader.activity
07-27 12:18:21.843  1131  1359 I PackageManager.DexOptimizer: Running dexopt (dexoptNeeded=1) on: /data/app/com.netease.newsreader.activity-4ZM3a4CIOaXE3LlHjWYjjw==/base.apk pkg=com.netease.newsreader.activity isa=arm64 dexoptFlags=boot_complete,profile_guided,public,enable_hidden_api_checks targetFilter=speed-profile oatDir=/data/app/com.netease.newsreader.activity-4ZM3a4CIOaXE3LlHjWYjjw==/oat classLoaderContext=PCL[/system/framework/org.apache.http.legacy.boot.jar]
07-27 12:18:21.849   682 11718 V installed: DexInv: --- BEGIN '/data/app/com.netease.newsreader.activity-4ZM3a4CIOaXE3LlHjWYjjw==/base.apk' ---
07-27 12:18:21.851   682 11718 D installed: forkNotifyToRMS parcel pid=3007, ppid=682, pkg=com.netease.newsreader.activity, status=0, num=0, time=0
07-27 12:18:21.943  3007  3007 I dex2oat : /system/bin/dex2oat --input-vdex-fd=-1 --output-vdex-fd=31 --compiler-filter=speed-profile -j4 --profile-file-fd=33 --classpath-dir=/data/app/com.netease.newsreader.activity-4ZM3a4CIOaXE3LlHjWYjjw== --class-loader-context=PCL[/system/framework/org.apache.http.legacy.boot.jar] --generate-mini-debug-info --compact-dex-level=none --compilation-reason=install
07-27 12:18:31.202  1131 11769 I ActivityManager_activity: Attach thread to application:3027 cost 84
07-27 12:18:31.642  1131  1270 D DeviceIdleController: Setting activity manager temp whitelist to [1000]
07-27 12:18:32.931  1131  7910 I ActivityManager_activity: Attach thread to application:3090 cost 55
07-27 12:18:33.392  1131  7910 I ActivityManager_activity: Attach thread to application:3122 cost 51
07-27 12:18:34.728   682 11718 V installed: DexInv: --- END '/data/app/com.netease.newsreader.activity-4ZM3a4CIOaXE3LlHjWYjjw==/base.apk' (success) ---
07-27 12:18:34.754  2063  4928 I HSM_SEC_BG: AntiMalCaller:pkgName:com.netease.newsreader.activity srcPkg:0 beginTime:235197178 endTime:235214437
07-27 12:18:34.756  2063  4928 I HSM_SEC_BG: MalDataManager:HwinsertAppInfo MalAppInfo: mPackageName=com.netease.newsreader.activity
07-27 12:18:34.760  2063  4928 I HSM_SEC_BG: AntiMalManager:insertAppInfo com.netease.newsreader.activity
07-27 12:18:34.760  1131  1359 I HwPackageManagerService: insertAppInfo pkgName:com.netease.newsreader.activity time:235214446
07-27 12:18:35.669  1131  1359 V HwPackageManagerService: POST_INSTALL:  pkgName = com.netease.newsreader.activity, pkgUri = /data/app/vmdl779774482.tmp;com.huawei.appmarket, pkgInstalledPath = /data/app/vmdl779774482.tmp, pkgInstallerPackageName = com.huawei.appmarket, pkgVerName = 70.1, pkgVerCode = 1175, resultCode = 1, pkgUpdate = true, pkgMetaHash = 08867b6a77f13ba5fe451cf3306925be941624080c5de3021d612170171d5d71
07-27 12:18:35.709  1131  1359 I ActivityManager: Force stopping com.netease.newsreader.activity appid=10161 user=0: pkg removed
07-27 12:18:35.709 30249 30279 I HiApp.PackageService: main{1} InstallResultReceiver package install callback:packageName:[com.netease.newsreader.activity],statusCode:[0],extraStatus:[INSTALL_SUCCEEDED],otherPkgName:[null],storagePath:[null],resultCode:[1]
07-27 12:18:35.718 30249 30279 I HiApp.PackageService: AsyncTask #27{6014} PackageService notifyNextWhenInstalled:com.netease.newsreader.activity,installProcessingPkg:[com.netease.newsreader.activity]
07-27 12:18:35.731 30249 30279 I HiApp.PackageService: AsyncTask #27{6014} DealTheTaskWhenInstalled pkg :com.netease.newsreader.activity,returnCode:1,isInner:true,isRemoveApkWhenInstalled:true
07-27 12:18:35.733 30249 30279 I HiApp.DownloadFileObserver: FileObserver{5600} FileObserver monitor file deleted:/data/user/0/com.huawei.appmarket/files/predl_com.netease.newsreader.activity_C9147.apk
07-27 12:18:35.740  1131  1359 I ActivityManager_activity: Going to sleep and all paused
07-27 12:18:35.790 30249 30279 I HiApp.PackageUtils: AsyncTask #27{6014} removed APK:/data/user/0/com.huawei.appmarket/files/predl_com.netease.newsreader.activity_C9147.apk
07-27 12:18:35.837  2001  2106 D AppInfoMgr: remove cache uid: 10161 map pkg:com.netease.newsreader.activity
07-27 12:18:35.838  2001  2106 I PassThroughStats: report app type, msg: flag=0 count=1 name=com.netease.newsreader.activity
07-27 12:18:35.838  2001  2106 I AppTypeRecognise: removeAppFromList pkg: com.netease.newsreader.activity replace:true
07-27 12:18:35.845  2001  3820 I hibernation: pkg is still installed in owner, not rm record: com.netease.newsreader.activity
07-27 12:18:35.848  2001  3793 I AppInfoMgr: Delete app info from db : com.netease.newsreader.activity
07-27 12:18:35.886  2041  2041 I HwLauncher: HwAppMarketDownloadModel onReceive intent=Intent { act=android.intent.action.PACKAGE_REMOVED dat=package:com.netease.newsreader.activity flg=0x4000010 (has extras) }
07-27 12:18:35.886  2041  2041 I HwLauncher: LauncherDownloadModel   com.huawei.android.launcher.download.HwAppMarketDownloadModel@2e9f9ed onReceive intent=Intent { act=android.intent.action.PACKAGE_REMOVED dat=package:com.netease.newsreader.activity flg=0x4000010 (has extras) }
07-27 12:18:35.887  2041  2041 I HwLauncher: HwCloudBackupDownloadModel onReceive intent : Intent { act=android.intent.action.PACKAGE_REMOVED dat=package:com.netease.newsreader.activity flg=0x4000010 (has extras) } action : android.intent.action.PACKAGE_REMOVED
07-27 12:18:35.887  2041  2041 I HwLauncher: LauncherDownloadModel   com.huawei.android.launcher.download.HwCloudBackupDownloadModel@213d022 onReceive intent=Intent { act=android.intent.action.PACKAGE_REMOVED dat=package:com.netease.newsreader.activity flg=0x4000010 (has extras) }
07-27 12:18:35.891  2063  2063 I HSM_BG  : HsmPackageManager:Receive intent:Intent { act=android.intent.action.PACKAGE_REMOVED dat=package:com.netease.newsreader.activity flg=0x4000010 (has extras) }
07-27 12:18:35.892  1969  1969 I HwKeystoreServiceImpl: package removed for update, packageName:com.netease.newsreader.activity appId:10161
07-27 12:18:35.892  2063  2063 I HSM_SEC_BG: MalDataManager:HwdeleteAppInfo remove lastAppInfo: mAllAppList.size :44 com.netease.newsreader.activity
07-27 12:18:35.892  2063  2063 I HSM_SEC_BG: MalDataManager:HwdeleteAppInfo com.netease.newsreader.activity
07-27 12:18:35.892  1969  2351 D XEngineProcessor: onPackageChanged, actionId: 3, pkgName:com.netease.newsreader.activity
07-27 12:18:35.893  1969  2351 D XEngineProcessor: handlerPackageChanged  type = 3 packageName = com.netease.newsreader.activity
07-27 12:18:35.893  1969  2351 D DaemonMessageAdapter: onPackageChanged, actionId: 3, pkgName:com.netease.newsreader.activity
07-27 12:18:35.893  1969  2351 D GrabService: onPackageChanged, actionId: 3, pkgName:com.netease.newsreader.activity
07-27 12:18:35.896  2063  2063 I HSM_SEC_BG: SecurityThreatsService:handlerPackageRemoved pkg=com.netease.newsreader.activity
07-27 12:18:35.897  1654  1654 D mapclient-BluetoothMapAppObserver: The removed package is: com.netease.newsreader.activity
07-27 12:18:35.897  1654  1654 D mapclient-BluetoothMapAppObserver: getApp(): Looking for com.netease.newsreader.activity
07-27 12:18:35.898  2041  2041 I HwLauncher: SimpleLauncherModeaction= android.intent.action.PACKAGE_REMOVEDpackageName = com.netease.newsreader.activity
07-27 12:18:35.909  3061  3061 D RegisteredNxpServicesCache: uninstall packageName:com.netease.newsreader.activity
07-27 12:18:35.921 21011 21011 I HiAdKit.AppRemovedReceiver:  uninstallReceiver.onReceive, package:com.netease.newsreader.activity
07-27 12:18:35.926 20953 20953 I PackageChangeReceiver: [I/HMSCore/PackageChangeReceiver 20953:1 :32] oripackageName = package:com.netease.newsreader.activity
07-27 12:18:35.926 20953 20953 I PackageChangeReceiver: [I/HMSCore/PackageChangeReceiver 20953:1 :34] packageName = com.netease.newsreader.activity
07-27 12:18:35.931 21011  1472 I HiAdKit.AppRemovedReceiver:  there is no channel info for:com.netease.newsreader.activity
07-27 12:18:35.936 26552 26552 I HSM_UI  : HsmPackageManager:Receive intent:Intent { act=android.intent.action.PACKAGE_REMOVED dat=package:com.netease.newsreader.activity flg=0x4000010 (has extras) }
07-27 12:18:35.936 31115 31115 D RcsPackageManagerUtils: onReceive packageName:com.netease.newsreader.activity
07-27 12:18:35.950 20953 20953 I PackageReceiver: [I/HwLocation/PackageReceiver 20953:1 PackageReceiver.java:75] package_remove:com.netease.newsreader.activity
07-27 12:18:35.987 30249 30279 I HiApp.PackageService: main{1} BaseAppDataManage apkChangedReceiver, action = android.intent.action.PACKAGE_REMOVED,packageName:com.netease.newsreader.activity
07-27 12:18:35.989 30249 30279 I HiApp.PackageService: main{1} InstallerReceiver InstallerReceiver onReceive action: android.intent.action.PACKAGE_REMOVED,packageName:com.netease.newsreader.activity
07-27 12:18:36.001   677  1452 D dubaid  : [PackageProperty.cpp] removePackageType# name: com.netease.newsreader.activity
07-27 12:18:36.002   677  1452 D dubaid  : [PackageProperty.cpp] removePackage# remove uid=10161 name=com.netease.newsreader.activity
07-27 12:18:36.018  2001  2106 I APwMonitor: clear app power stats pkg: com.netease.newsreader.activity
07-27 12:18:36.019  2001  2106 D PG_DBS_MAIN: ID_PACKAGE_REMOVED, pkgName: com.netease.newsreader.activity, uid: 10161
07-27 12:18:36.019 30249 30279 I HiApp.APP_SYN: main{1} MultyDeviceSynUninstallManager add pkg=com.netease.newsreader.activity
07-27 12:18:36.091 30249 30279 I HiApp.AppFileInfoManager: pool-1-thread-1{5593} delete AppFileInfo & AppKeySets:com.netease.newsreader.activity
07-27 12:18:36.145  1131  1131 E HwBastetService: name: com.netease.newsreader.activity
07-27 12:18:36.145  1131  1131 E HwBastetService: len: 1, name: com.netease.newsreader.activity, uid: 10161
07-27 12:18:36.146  1131  1131 D SecurityProfileService: updatePackageInformation,packageName:com.netease.newsreader.activity
07-27 12:18:36.146  1131  1131 D SecurityProfileService: updateDomainPolicies,packageList:[com.netease.newsreader.activity]
07-27 12:18:36.146  1131  1131 D SecurityProfileService: resolveActiveDomainPolicies packageName com.netease.newsreader.activity
07-27 12:18:36.147  1131  1131 D SecurityProfileUtils: getInstalledApkPath name success,packageName:com.netease.newsreader.activity,userId:0,ApkPath:/data/app/com.netease.newsreader.activity-4ZM3a4CIOaXE3LlHjWYjjw==/base.apk
07-27 12:18:36.275  1131  1131 D SecurityProfileUtils: getInstalledApkPath name success,packageName:com.netease.newsreader.activity,userId:0,ApkPath:/data/app/com.netease.newsreader.activity-4ZM3a4CIOaXE3LlHjWYjjw==/base.apk
07-27 12:18:36.277  1131  1131 I SecurityProfileService: update PackageSigned Info Action:put, packageName:com.netease.newsreader.activity,hasValidPolicy:false
07-27 12:18:36.291  2001  3820 I hibernation: reInit  SystemCoreApps for install: com.netease.newsreader.activity
07-27 12:18:36.318  2041  2041 I HwLauncher: HwAppMarketDownloadModel onReceive intent=Intent { act=android.intent.action.PACKAGE_ADDED dat=package:com.netease.newsreader.activity flg=0x4000010 (has extras) }
07-27 12:18:36.318  2041  2041 I HwLauncher: LauncherDownloadModel   com.huawei.android.launcher.download.HwAppMarketDownloadModel@2e9f9ed onReceive intent=Intent { act=android.intent.action.PACKAGE_ADDED dat=package:com.netease.newsreader.activity flg=0x4000010 (has extras) }
07-27 12:18:36.320  2041  2041 I HwLauncher: HwCloudBackupDownloadModel onReceive intent : Intent { act=android.intent.action.PACKAGE_ADDED dat=package:com.netease.newsreader.activity flg=0x4000010 (has extras) } action : android.intent.action.PACKAGE_ADDED
07-27 12:18:36.320  2041  2041 I HwLauncher: LauncherDownloadModel   com.huawei.android.launcher.download.HwCloudBackupDownloadModel@213d022 onReceive intent=Intent { act=android.intent.action.PACKAGE_ADDED dat=package:com.netease.newsreader.activity flg=0x4000010 (has extras) }
07-27 12:18:36.321  2063  2063 I HSM_BG  : HsmPackageManager:Receive intent:Intent { act=android.intent.action.PACKAGE_ADDED dat=package:com.netease.newsreader.activity flg=0x4000010 (has extras) }
07-27 12:18:36.321  2063  2063 I HSM_BG  : HsmPackageManager:pkgName:com.netease.newsreader.activity
07-27 12:18:36.322  2041  2041 I HwLauncher: SimpleLauncherModeaction= android.intent.action.PACKAGE_ADDEDpackageName = com.netease.newsreader.activity
07-27 12:18:36.322  2041  2174 I HwLauncher: SimpleLauncherModemAllAppsList.updatePackage com.netease.newsreader.activity
07-27 12:18:36.325  1654  1654 D avrcp-Avrcp: AvrcpServiceBroadcastReceiver-> packageName: com.netease.newsreader.activity
07-27 12:18:36.325  1654  1654 D avrcp-Avrcp: packageName: com.netease.newsreader.activity removed: false
07-27 12:18:36.327  1969  2351 D XEngineProcessor: onPackageChanged, actionId: 1, pkgName:com.netease.newsreader.activity
07-27 12:18:36.328  1969  2351 D XEngineProcessor: handlerPackageChanged  type = 1 packageName = com.netease.newsreader.activity
07-27 12:18:36.328  1969  2351 D DaemonMessageAdapter: onPackageChanged, actionId: 1, pkgName:com.netease.newsreader.activity
07-27 12:18:36.328  1969  2351 D GrabService: onPackageChanged, actionId: 1, pkgName:com.netease.newsreader.activity
07-27 12:18:36.331  2063  2063 I HSM_BG  : HsmPackageManager:doAppInstalled, installed: com.netease.newsreader.activity, prePkgExist:true, replacing:true
07-27 12:18:36.338  3129  3129 I HiBoard_MainView: ACTION_PACKAGE_ADDED : packageName =com.netease.newsreader.activity
07-27 12:18:36.340  2041  2174 I HwLauncher: SimpleAllAppsList  updatePackage : package[com.netease.newsreader.activity] matched activity's size is 1 and data List size is 0
07-27 12:18:36.341 20953 20953 I PackageChangeReceiver: [I/HMSCore/PackageChangeReceiver 20953:1 :32] oripackageName = package:com.netease.newsreader.activity
07-27 12:18:36.342 20953 20953 I PackageChangeReceiver: [I/HMSCore/PackageChangeReceiver 20953:1 :34] packageName = com.netease.newsreader.activity
07-27 12:18:36.345 20953  3169 I ScopeUtil: [I/HMSCore/ScopeUtil 20953:4665 :104] load AppPermission for app packageName = com.netease.newsreader.activity
07-27 12:18:36.346 26552 26552 I HSM_UI  : HsmPackageManager:Receive intent:Intent { act=android.intent.action.PACKAGE_ADDED dat=package:com.netease.newsreader.activity flg=0x4000010 (has extras) }
07-27 12:18:36.346 26552 26552 I HSM_UI  : HsmPackageManager:pkgName:com.netease.newsreader.activity
07-27 12:18:36.352 26552 26552 I HSM_UI  : HsmPackageManager:doAppInstalled, installed: com.netease.newsreader.activity, prePkgExist:true, replacing:true
07-27 12:18:36.353 20953 20953 I PackageReceiver: [I/HwLocation/PackageReceiver 20953:1 PackageReceiver.java:81] package_add:com.netease.newsreader.activity
07-27 12:18:36.353 20953 20953 I fwkit_kpms_AppReceiver: [I/fwkit/fwkit_kpms_AppReceiver 20953:1 AppInstallReceiver.java:43] Package:com.netease.newsreader.activity added or updated.
07-27 12:18:36.374 20953 20953 I fwkit_kpms_KitInfoParser: [I/fwkit/fwkit_kpms_KitInfoParser 20953:1 KitSdkInfoParser.java:51] callerPackage:com.netease.newsreader.activity, cpVersion:70.1
07-27 12:18:36.404  1654  1654 W droid.bluetoot: resources.arsc in APK '/data/app/com.netease.newsreader.activity-4ZM3a4CIOaXE3LlHjWYjjw==/base.apk' is compressed.
07-27 12:18:36.414 30249 30279 I HiApp.PackageService: main{1} BaseAppDataManage apkChangedReceiver, action = android.intent.action.PACKAGE_ADDED,packageName:com.netease.newsreader.activity
07-27 12:18:36.416 30249 30279 I HiApp.UninstallUpdateChange: pool-6-thread-1{5604} remove app:com.netease.newsreader.activity,change update manager
07-27 12:18:36.446  1654  1654 W avrcp-Avrcp: getMediaPlayerInfo: com.netease.newsreader.activity not found
07-27 12:18:36.446  1654  1654 V avrcp-Avrcp: isBrowseSupported for com.netease.newsreader.activity: true
07-27 12:18:36.459   696   754 D AwareLog: iawared: workingset_process_command subCmd = 355, uid=10161, pid=0, com.netease.newsreader.activity
07-27 12:18:36.459   696   754 D AwareLog: iawared: workingsetSendClearMsg com.netease.newsreader.activity
07-27 12:18:36.595 30249 30279 I HiApp.PackageService: main{1} BaseAppDataManage apkChangedReceiver, action = android.intent.action.PACKAGE_ADDED,packageName:com.netease.newsreader.activity
07-27 12:18:36.605  2063  3197 E HwSignedInfo: getHwSignedInfo err, packageName is not signed,packageName:com.netease.newsreader.activity
07-27 12:18:36.608  1654  1654 D mapclient-BluetoothMapAppObserver: The installed package is: com.netease.newsreader.activity
07-27 12:18:36.617  2041  2174 I HwLauncher: SimpleAllAppsList  findAndUpdateInfoInDB : found 0 shortcutInfo for package[com.netease.newsreader.activity] in db
07-27 12:18:36.618  2041  2174 I HwLauncher: SimpleAllAppsList  updatePackage do not add new SimpleApplicationInfo,It's in normal now. package = com.netease.newsreader.activity
07-27 12:18:36.696 26090 26090 I Finsky  : [1] tku.d(9): Invalidating cached PackageState for com.netease.newsreader.activity
07-27 12:18:36.767  1131  1794 I ActivityManager_activity: Attach thread to application:3171 cost 64
07-27 12:18:36.783 30249 30279 I HiApp.PackageService: AsyncTask #28{6016} PreDldInsCall status view type:5,pkg:com.netease.newsreader.activity
07-27 12:18:36.806 30249  2888 W uawei.appmarke: resources.arsc in APK '/data/app/com.netease.newsreader.activity-4ZM3a4CIOaXE3LlHjWYjjw==/base.apk' is compressed.
07-27 12:18:36.814  2001  2106 I PassThroughStats: report app type, msg: flag=1 count=1 name=com.netease.newsreader.activity type=18
07-27 12:18:36.817   677  1452 D dubaid  : [PackageProperty.cpp] addPackageType# name: com.netease.newsreader.activity, type: 18
07-27 12:18:36.854 30249 30279 I HiApp.InstalledAppDataMgr: AsyncTask #28{6016} updateInstalledApp pkg :com.netease.newsreader.activity
07-27 12:18:36.893  2001  2106 D PG_DBS_MAIN: ID_PACKAGE_ADDED, pkgName: com.netease.newsreader.activity, uid: 10161
07-27 12:18:36.903  2001  3793 I AppInfoMgr: Write app info to db : com.netease.newsreader.activity type: 18
07-27 12:18:36.941  1131  1131 W system_server: resources.arsc in APK '/data/app/com.netease.newsreader.activity-4ZM3a4CIOaXE3LlHjWYjjw==/base.apk' is compressed.
07-27 12:18:36.984  2063  2063 I HSM_BG  : HsmPackageManager:Receive intent:Intent { act=android.intent.action.PACKAGE_REPLACED dat=package:com.netease.newsreader.activity flg=0x4000010 (has extras) }
07-27 12:18:36.984  2063  2063 I HSM_BG  : HsmPackageManager:pkgName:com.netease.newsreader.activity
07-27 12:18:36.986  2063  2063 I HSM_BG  : HsmPackageManager:doAppChanged, put com.netease.newsreader.activity, path:/data/app/com.netease.newsreader.activity-4ZM3a4CIOaXE3LlHjWYjjw==
07-27 12:18:36.986  2063  2063 I HSM_SEC_BG: LockScreenWindowManager:onPackageChanged : com.netease.newsreader.activity
07-27 12:18:36.992  2063  2619 I HSM_SEC_BG: AdBlock_PackageAddedRunnable:insert pkg com.netease.newsreader.activity
07-27 12:18:36.993  2063  2619 I HSM_SEC_BG: AdBlock:save->insert pkg=com.netease.newsreader.activity
07-27 12:18:36.997 20953 20953 I PackageChangeReceiver: [I/HMSCore/PackageChangeReceiver 20953:1 :32] oripackageName = package:com.netease.newsreader.activity
07-27 12:18:36.997 20953 20953 I PackageChangeReceiver: [I/HMSCore/PackageChangeReceiver 20953:1 :34] packageName = com.netease.newsreader.activity
07-27 12:18:36.999 20953  3201 I ScopeUtil: [I/HMSCore/ScopeUtil 20953:4666 :104] load AppPermission for app packageName = com.netease.newsreader.activity
07-27 12:18:37.003 26552 26552 I HSM_UI  : HsmPackageManager:Receive intent:Intent { act=android.intent.action.PACKAGE_REPLACED dat=package:com.netease.newsreader.activity flg=0x4000010 (has extras) }
07-27 12:18:37.003 26552 26552 I HSM_UI  : HsmPackageManager:pkgName:com.netease.newsreader.activity
07-27 12:18:37.011 26552 26552 I HSM_UI  : HsmPackageManager:doAppChanged, put com.netease.newsreader.activity, path:/data/app/com.netease.newsreader.activity-4ZM3a4CIOaXE3LlHjWYjjw==
07-27 12:18:37.045 20953 20953 I PackageReceiver: [I/HwLocation/PackageReceiver 20953:1 PackageReceiver.java:86] package_replace:com.netease.newsreader.activity
07-27 12:18:37.093  1131  3050 W BroadcastQueue: Background execution not allowed: receiving Intent { act=android.intent.action.PACKAGE_REMOVED dat=package:com.netease.newsreader.activity flg=0x4000010 (has extras) } to com.android.vending/com.google.android.finsky.packagemanager.impl.PackageMonitorReceiverImpl$RegisteredReceiver
07-27 12:18:37.141 26090 26090 W android.vendin: resources.arsc in APK '/data/app/com.netease.newsreader.activity-4ZM3a4CIOaXE3LlHjWYjjw==/base.apk' is compressed.
07-27 12:18:37.178  1131  1274 W BroadcastQueue: Background execution not allowed: receiving Intent { act=android.intent.action.PACKAGE_REMOVED dat=package:com.netease.newsreader.activity flg=0x4000010 (has extras) } to com.android.vending/com.google.android.finsky.instantapps.appmanagement.InstantAppRemoveMonitor
07-27 12:18:37.192 26090  2913 I Finsky  : [3122] epq.a(23): Cancelled 0 ongoing asset module downloads for package com.netease.newsreader.activity due to a concurrent app update.
07-27 12:18:37.319  1131  1131 D SecurityProfileService: updatePackageInformation,packageName:com.netease.newsreader.activity
07-27 12:18:37.319  1131  1131 D SecurityProfileService: updateDomainPolicies,packageList:[com.netease.newsreader.activity]
07-27 12:18:37.320  1131  1131 D SecurityProfileService: resolveActiveDomainPolicies packageName com.netease.newsreader.activity
07-27 12:18:37.320  1131  1131 D SecurityProfileUtils: getInstalledApkPath name success,packageName:com.netease.newsreader.activity,userId:0,ApkPath:/data/app/com.netease.newsreader.activity-4ZM3a4CIOaXE3LlHjWYjjw==/base.apk
07-27 12:18:37.466  1131  1131 D SecurityProfileUtils: getInstalledApkPath name success,packageName:com.netease.newsreader.activity,userId:0,ApkPath:/data/app/com.netease.newsreader.activity-4ZM3a4CIOaXE3LlHjWYjjw==/base.apk
07-27 12:18:37.467  1131  1131 I SecurityProfileService: update PackageSigned Info Action:put, packageName:com.netease.newsreader.activity,hasValidPolicy:false
07-27 12:18:37.577 26090 26090 I Finsky  : [1] nxf.b(31): Installer: package com.netease.newsreader.activity was removed. replacing: true
07-27 12:18:37.596 26090 26090 I Finsky  : [1] nxf.a(183): Installer: Notifying status update. package=com.netease.newsreader.activity, status=UNINSTALLED
07-27 12:18:37.825 26090 26090 I Finsky  : [1] tku.d(9): Invalidating cached PackageState for com.netease.newsreader.activity
07-27 12:18:37.873 20953 21875 W fwkit_Kpms_binder: [W/fwkit/fwkit_Kpms_binder 20953:2740 KPmsCoreBinder.java:130] get plugin null:com.netease.newsreader.activity, cp:com.huawei.hwid
07-27 12:18:37.897  1131  1785 W BroadcastQueue: Background execution not allowed: receiving Intent { act=android.intent.action.PACKAGE_REMOVED dat=package:com.netease.newsreader.activity flg=0x4000010 (has extras) } to com.huawei.hwvplayer.youku/com.taobao.accs.EventReceiver
07-27 12:18:37.931  1131  1274 W BroadcastQueue: Background execution not allowed: receiving Intent { act=android.intent.action.PACKAGE_REMOVED dat=package:com.netease.newsreader.activity flg=0x4000010 (has extras) } to com.huawei.hwvplayer.youku/com.taobao.agoo.AgooCommondReceiver
07-27 12:18:37.975  1131  1270 D TrustSpaceManagerService: onPackageAppeared:com.netease.newsreader.activity reason=1 uid=10161
07-27 12:18:37.983  3167  3167 I [HwRecSys]PackageRecevier: action is: android.intent.action.PACKAGE_REMOVED, pkg：com.netease.newsreader.activity
07-27 12:18:38.041  2041  2041 I HwLauncher: Model onPackageChanged packageName = com.netease.newsreader.activity user = UserHandle{0}
07-27 12:18:38.044  1131  1270 E AwareLog: RMS.AwareIntelligentRecg: delete pkg:com.netease.newsreader.activity userid:0 from iAware.db
07-27 12:18:38.045  2041  2041 I HwLauncher: MutilSelectedIcons onPreHandleUpdatedTask : mIsInMutilSelectMode = false task = 2 packages = [com.netease.newsreader.activity] hasHandleInvisiblePanel = false
07-27 12:18:38.046  2041  2041 I HwLauncher: PowerSaveLauncherModel onPackageChanged packageName = com.netease.newsreader.activity user = UserHandle{0}
07-27 12:18:38.046  2041  2041 I HwLauncher: StreetModeLauncherModel onPackageChanged packageName = com.netease.newsreader.activity user = UserHandle{0}
07-27 12:18:38.046  2041  2041 I HwLauncher: Model onPackageChanged packageName = com.netease.newsreader.activity user = UserHandle{0}
07-27 12:18:38.088  2041  2156 I HwLauncher: Model mAllAppsList.updatePackage com.netease.newsreader.activity
07-27 12:18:38.096  2041  2156 I HwLauncher: AllIdleAppsList updatePackage: activity changed. the old: com.netease.nr.biz.ad.AdActivity, the new: ComponentInfo{com.netease.newsreader.activity/com.netease.nr.biz.ad.newAd.AdActivity}
07-27 12:18:38.105  2041  2156 W ndroid.launche: resources.arsc in APK '/data/app/com.netease.newsreader.activity-4ZM3a4CIOaXE3LlHjWYjjw==/base.apk' is compressed.
07-27 12:18:38.137  3171  3171 I HiAnalyticsKit: HiAnalyticsSysEvtReceiver=> intent.getData().getSchemeSpecificPart(): com.netease.newsreader.activity
07-27 12:18:38.145 26090  2913 I Finsky  : [3122] epn.a(15): Asset module broadcast after update successful for package com.netease.newsreader.activity. 0 sessions broadcast.
07-27 12:18:38.167  2041  2156 I HwLauncher: Model deleteBadgeItem packageName = com.netease.newsreader.activity, className = com.netease.nr.biz.ad.AdActivity, userId = 0
07-27 12:18:38.170  2041  2156 I HwLauncher: AllIdleAppsList refreshDelShortcut: ComponentInfo{com.netease.newsreader.activity/com.netease.nr.biz.ad.AdActivity} has changed to ComponentInfo{com.netease.newsreader.activity/com.netease.nr.biz.ad.newAd.AdActivity}, remove badge from databases.
07-27 12:18:38.170  2041  2156 I HwLauncher: Model shortcutInfo.title = {ShortcutInfo: title: 网易新闻, component: ComponentInfo{com.netease.newsreader.activity/com.netease.nr.biz.ad.newAd.AdActivity}}ComponentInfo{com.netease.newsreader.activity/com.netease.nr.biz.ad.newAd.AdActivity}
07-27 12:18:38.171  2041  2156 I HwLauncher: Model mAllAppsList.updatePackage com.netease.newsreader.activity
07-27 12:18:38.173  2041  2041 I HwLauncher: Workspace updateShortcuts shortcutInfo = {ShortcutInfo: title: 网易新闻, component: ComponentInfo{com.netease.newsreader.activity/com.netease.nr.biz.ad.newAd.AdActivity}}
07-27 12:18:38.225  2041  2156 I HwLauncher: AllIdleAppsList  findAndUpdateInfoInDB : found 1 shortcutInfo for package[com.netease.newsreader.activity] in db
07-27 12:18:38.226  1131  2115 D PowerManagerNotifier: onWakeLockChanging: flags=1, tag="Icing", packageName=com.google.android.gms, ownerUid=10032, ownerPid=19615, workSource=WorkSource{10032 com.google.android.gms, 10161 com.netease.newsreader.activity}
07-27 12:18:38.352 26090 26090 I Finsky  : [1] tku.d(9): Invalidating cached PackageState for com.netease.newsreader.activity
07-27 12:18:38.437 26552 26606 I HSM_UI  : DataSaverReceiver:doPkgRemoved :com.netease.newsreader.activity
07-27 12:18:38.533  3171  3171 I HmsNearbyKit_apk_NearbyContactMonitor: remove app: package:com.netease.newsreader.activity
07-27 12:18:38.540  3171  3266 I HmsNearbyKit_apk_NearbyContactMonitor: after process, pkgName is com.netease.newsreader.activity
07-27 12:18:38.542  3171  3171 I HiAnalyticsKit: HiAnalyticsSysEvtReceiver=> intent.getData().getSchemeSpecificPart(): com.netease.newsreader.activity
07-27 12:18:38.556  3171  3171 I HmsNearbyKit_apk_NearbyContactMonitor: add app: package:com.netease.newsreader.activity
07-27 12:18:38.558  3171  3268 I HiAnalyticsKit: SharedPreUtils=> putString: spName : sys_evt key: com.netease.newsreader.activity
07-27 12:18:38.559  3171  3171 I HmsNearbyKit_apk_NearbyContactMonitor: replace app: package:com.netease.newsreader.activity
07-27 12:18:38.617 26090 26219 I Finsky  : [2969] ojx.b(49): IQ: Notifying installation update. package=com.netease.newsreader.activity, status=UNINSTALLED
07-27 12:18:38.711  3171  3266 I HmsNearbyKit_apk_ContactDataManage: deleteAppId num is: com.netease.newsreader.activity--0
07-27 12:18:38.735  1131  2115 W BroadcastQueue: Background execution not allowed: receiving Intent { act=android.intent.action.PACKAGE_REMOVED dat=package:com.netease.newsreader.activity flg=0x4000010 (has extras) } to com.facebook.katana/com.facebook.feed.platformads.AppInstallReceiver
07-27 12:18:38.783 30249 30279 I HiApp.PackageService: main{1} InstallerReceiver InstallerReceiver onReceive action: android.intent.action.PACKAGE_ADDED,packageName:com.netease.newsreader.activity
07-27 12:18:38.790 30249 30279 I HiApp.PackageService: AsyncTask #30{6019} DealTheTaskWhenInstalled pkg :com.netease.newsreader.activity,returnCode:1,isInner:false,market install app! so remove the data from list!
07-27 12:18:38.921  1131  2115 W BroadcastQueue: Background execution not allowed: receiving Intent { act=android.intent.action.PACKAGE_ADDED dat=package:com.netease.newsreader.activity flg=0x4000010 (has extras) } to com.android.vending/com.google.android.finsky.packagemanager.impl.PackageMonitorReceiverImpl$RegisteredReceiver
07-27 12:18:39.124 30249 30319 W uawei.appmarke: resources.arsc in APK '/data/app/com.netease.newsreader.activity-4ZM3a4CIOaXE3LlHjWYjjw==/base.apk' is compressed.
07-27 12:18:39.168 30249 30319 W uawei.appmarke: resources.arsc in APK '/data/app/com.netease.newsreader.activity-4ZM3a4CIOaXE3LlHjWYjjw==/base.apk' is compressed.
07-27 12:18:39.225 31025 31025 I HwGameAssistant-9.0.1.303-InstallPackageIntentReceiver: packagename=com.netease.newsreader.activity
07-27 12:18:39.232 31025  3278 I HwGameAssistant-9.0.1.303-GameDataManager: getGameListInMarket pknList:[com.netease.newsreader.activity]
07-27 12:18:39.285  3167  3167 I [HwRecSys]PackageRecevier: action is: android.intent.action.PACKAGE_ADDED, pkg：com.netease.newsreader.activity
07-27 12:18:39.532 26552 26659 I HSM_SEC_UI: AppInstallationReceiver:handlePkgAddISecurity pkg : com.netease.newsreader.activity
07-27 12:18:39.534 19615  3227 I ChromeSync: [Sync,SyncIntentOperation] Handling the intent: Intent { act=android.intent.action.PACKAGE_ADDED dat=package:com.netease.newsreader.activity flg=0x4000010 cmp=com.google.android.gms/.chimera.GmsIntentOperationService (has extras) }.
07-27 12:18:39.594  1131  3048 D SecurityProfileService: removeLabel:com.netease.newsreader.activity
07-27 12:18:39.683 26552 26666 I HSM_UI  : DataSaverReceiver:doPkgAdd :com.netease.newsreader.activity
07-27 12:18:39.703  1131  3048 D SecurityProfileService: updateDomainPolicies,packageList:[com.netease.newsreader.activity]
07-27 12:18:39.704  1131  3048 D SecurityProfileService: resolveActiveDomainPolicies packageName com.netease.newsreader.activity
07-27 12:18:39.704  1131  3048 D SecurityProfileService: resolveActiveDomainPolicies packageName com.netease.newsreader.activity
07-27 12:18:39.705  1131  3048 D SecurityProfileUtils: getInstalledApkPath name success,packageName:com.netease.newsreader.activity,userId:0,ApkPath:/data/app/com.netease.newsreader.activity-4ZM3a4CIOaXE3LlHjWYjjw==/base.apk
07-27 12:18:39.712 26552 26643 I HSM_UI  : UnifiedPowerAppControl:begin install app inner:com.netease.newsreader.activity
07-27 12:18:39.855 26552 28294 I HSM_SEC_UI: AntiVirusScanService:check insatll package: com.netease.newsreader.activity
07-27 12:18:39.867 19615  2960 W gle.android.gm: resources.arsc in APK '/data/app/com.netease.newsreader.activity-4ZM3a4CIOaXE3LlHjWYjjw==/base.apk' is compressed.
07-27 12:18:40.329 26552 26659 W HSM_SEC_UI: AppInstallationReceiver:The installed app has already configured. ignore com.netease.newsreader.activity
07-27 12:18:40.332  1131  1774 W BroadcastQueue: Background execution not allowed: receiving Intent { act=android.intent.action.PACKAGE_ADDED dat=package:com.netease.newsreader.activity flg=0x4000010 (has extras) } to com.facebook.katana/com.facebook.feed.platformads.AppInstallReceiver
07-27 12:18:40.416 26552  3283 W i.systemmanage: resources.arsc in APK '/data/app/com.netease.newsreader.activity-4ZM3a4CIOaXE3LlHjWYjjw==/base.apk' is compressed.
07-27 12:18:40.423 26552 26659 I HSM_UI  : HsmPackageManager:Receive intent:Intent { act=android.intent.action.PACKAGE_ADDED dat=package:com.netease.newsreader.activity flg=0x4000010 cmp=com.huawei.systemmanager/com.huawei.permissionmanager.ui.AppInstallationReceiver (has extras) }
07-27 12:18:40.423 26552 26659 I HSM_UI  : HsmPackageManager:pkgName:com.netease.newsreader.activity
07-27 12:18:40.426 26552 26659 I HSM_UI  : HsmPackageManager:doAppInstalled, installed: com.netease.newsreader.activity, prePkgExist:true, replacing:true
07-27 12:18:40.444 30249 30279 I HiApp.PackageService: main{1} InstallerReceiver InstallerReceiver onReceive action: android.intent.action.PACKAGE_ADDED,packageName:com.netease.newsreader.activity
07-27 12:18:40.481 30249 30279 I HiApp.PackageService: AsyncTask #29{6017} DealTheTaskWhenInstalled pkg :com.netease.newsreader.activity,returnCode:1,isInner:false,other market install the app!:com.huawei.appmarket
07-27 12:18:40.545 26552 26643 I HSM_UI  : UnifiedPowerAppControl:apkName com.netease.newsreader.activity protect = false show =true
07-27 12:18:40.568 26552  3283 W i.systemmanage: resources.arsc in APK '/data/app/com.netease.newsreader.activity-4ZM3a4CIOaXE3LlHjWYjjw==/base.apk' is compressed.
07-27 12:18:40.607 26552 26643 I HSM_UI  : SmartProviderHelper:insertUnifiedPowerAppListForDB  type:false pkg=com.netease.newsreader.activity show=true ischanged=false
07-27 12:18:40.665  1131  8674 D PowerManagerNotifier: onWakeLockChanging: flags=1, tag="Icing", packageName=com.google.android.gms, ownerUid=10032, ownerPid=19615, workSource=WorkSource{10032 com.google.android.gms, 10161 com.netease.newsreader.activity}
07-27 12:18:40.706 26552  3283 W i.systemmanage: resources.arsc in APK '/data/app/com.netease.newsreader.activity-4ZM3a4CIOaXE3LlHjWYjjw==/base.apk' is compressed.
07-27 12:18:40.843  2001  2106 I AppResManager: not allow keep alive request , pkg : com.hp.run.activity
07-27 12:18:40.844  2001  2106 I ApplistMgr: Standby unprotected apps: [com.android.browser, com.android.gallery3d, com.huawei.fans, com.huawei.vdrive, com.android.storagemanager, com.example.android.notepad, com.huawei.smarthome, com.ximalaya.ting.android, com.huawei.android.totemweather, com.huawei.contactscamcard, com.huawei.hifolder, com.ss.android.article.video, com.huawei.vrservice, com.sankuai.meituan, com.sina.weibo, com.huawei.lives, com.android.dreams.basic, com.sina.news, com.huawei.featurelayer.sharedfeature.map, com.huawei.tips, com.jingdong.app.mall, com.huawei.hwvoipservice, com.huawei.mycenter, com.huawei.hiskytone, com.huawei.gameassistant, com.taobao.taobao, com.android.simappdialog, com.huawei.scenepack, com.microsoft.translator, com.ss.android.article.news, com.huawei.vrinstaller, com.android.calculator2, com.huawei.hwvplayer.youku, com.huawei.compass, com.booking, com.android.soundrecorder, com.baidu.BaiduMap, com.huawei.scanner, com.huawei.android.tips, com.realvnc.android.remote, com.xy.smartmmsplugin.remote, com.android.wallpaperbackup, com.huawei.numberidentity, com.huawei.fastapp, com.unionpay.tsmservice, com.suning.mobile.ebuy, com.huawei.hwireader, com.huawei.featurelayer.sharedfeature.baidu, com.google.android.syncadapters.contacts, com.huawei.agingtool, com.glgjing.marvelx, com.twitter.android, com.facebook.katana, com.baidu.browser.apps, com.baidu.appsearch, com.snda.wifilocating, cn.opda.a.phonoalbumshoushou, com.qiyi.video, com.kugou.android, com.tencent.android.qqdownloader, com.jm.android.jumei, com.netease.newsreader.activity, com.smile.gifmaker, com.mt.mtxx.mtxx, com.tencent.qqlive, com.youku.phone, org.mozilla.firefox, com.sdu.didi.psnger, com.facebook.lite, com.apkpure.aegon, com.skype.raider, com.whatsapp, com.rovio.angrybirds, com.qzone, com.amazon.mShop.android.shopping, com.netflix.mediaclient, me.lyft.android, com.moji.mjweather, com.tencent.ig, ctrip.android.view, me.ele, com.xingin.xhs, com.ss.android.ugc.trill, com.google.android.youtube, com.netease.yysbwp.aligames, com.tencent.tmgp.sgame, com.dianping.v1, cn.wps.moffice_eng, com.android.chrome]
07-27 12:18:40.853 26090 26090 I Finsky  : [1] tku.d(9): Invalidating cached PackageState for com.netease.newsreader.activity
07-27 12:18:40.917 30249 30279 I HiApp.PackageService: main{1} InstallerReceiver InstallerReceiver onReceive action: android.intent.action.PACKAGE_REPLACED,packageName:com.netease.newsreader.activity
07-27 12:18:41.091 19615  2961 W Icing   : Package com.netease.newsreader.activity targets Android P and isn't allowed to use AppDataSearch indexing API
07-27 12:18:41.236 26552 26664 I HSM_SEC_UI: TAntivirusEngine:scanInstalledPackage scanType6 packageName:com.netease.newsreader.activity
07-27 12:18:41.244 26552 26664 W i.systemmanage: resources.arsc in APK '/data/app/com.netease.newsreader.activity-4ZM3a4CIOaXE3LlHjWYjjw==/base.apk' is compressed.
07-27 12:18:41.312  3167  3167 I [HwRecSys]PackageRecevier: action is: android.intent.action.PACKAGE_REPLACED, pkg：com.netease.newsreader.activity
07-27 12:18:41.312  3167  3167 E [HwRecSys]SystemUtil: operate: 1, pkg: com.netease.newsreader.activity, has record!
07-27 12:18:41.416 26552 26639 I HSM_SEC_UI: PermissionDBAdapter:shouldPkgMonitor pkgName is com.netease.newsreader.activity should monitor true
07-27 12:18:41.475 30249 30279 I HiApp.PackageService: main{1} InstallerReceiver InstallerReceiver onReceive action: android.intent.action.PACKAGE_REPLACED,packageName:com.netease.newsreader.activity
07-27 12:18:41.556 26552 26663 I HSM_SEC_UI: AntivirusScanHelper:scan install apk is [ scanTpye = 4, appName = 网易新闻, pkgName = com.netease.newsreader.activity
07-27 12:18:41.670 26552 26662 I HSM_SEC_UI: AntivirusScanHelper:scan install apk is [ scanTpye = 2, appName = 网易新闻, pkgName = com.netease.newsreader.activity
07-27 12:18:41.729  1131  3051 D PowerManagerNotifier: onWakeLockChanging: flags=1, tag="Icing", packageName=com.google.android.gms, ownerUid=10032, ownerPid=19615, workSource=WorkSource{10032 com.google.android.gms, 10161 com.netease.newsreader.activity}
07-27 12:18:41.794 26552 26639 I HSM_SEC_UI: CommonFunctionUtil:checkAppTrustStatus for com.netease.newsreader.activity, db trust:false, aps:com.huawei.permissionmanager.model.HwAppPermissions@170d9fb
07-27 12:18:41.797 26552 26639 I HSM_SEC_UI: AppInitializer:updateReplaceApp for com.netease.newsreader.activity, trust:0, real trust:false, code:16777216, cfg:16777216, mask:4313843608
07-27 12:18:41.799 26552 26639 I HSM_UI  : VagueManager:get sdk version of com.netease.newsreader.activity, version:29
07-27 12:18:41.799 26552 26639 I HSM_SEC_UI: AppInitializer:updateReplaceApp for com.netease.newsreader.activity, previous:16777216, 16777216, after:16777216,16777216
07-27 12:18:41.846 26552 26639 I HSM_UI  : HsmPackageManager:Receive intent:Intent { act=android.intent.action.PACKAGE_REPLACED dat=package:com.netease.newsreader.activity flg=0x4000010 cmp=com.huawei.systemmanager/com.huawei.permissionmanager.ui.AppInstallationReceiver (has extras) }
07-27 12:18:41.846 26552 26639 I HSM_UI  : HsmPackageManager:pkgName:com.netease.newsreader.activity
07-27 12:18:41.854 26552 26639 I HSM_UI  : HsmPackageManager:doAppChanged, put com.netease.newsreader.activity, path:/data/app/com.netease.newsreader.activity-4ZM3a4CIOaXE3LlHjWYjjw==
07-27 12:18:42.302 19615  2849 W gle.android.gm: resources.arsc in APK '/data/app/com.netease.newsreader.activity-4ZM3a4CIOaXE3LlHjWYjjw==/base.apk' is compressed.
07-27 12:18:42.439 19615  2961 W Icing   : Package com.netease.newsreader.activity targets Android P and isn't allowed to use AppDataSearch indexing API
07-27 12:18:42.725 26552 26664 I HSM_SEC_UI: AntivirusScanHelper:scan install apk is [ scanTpye = 0, appName = 网易新闻, pkgName = com.netease.newsreader.activity
07-27 12:18:42.819 26552 28294 I HSM_SEC_UI: AntivirusScanHelper: finalResult [ scanTpye = 0, appName = 网易新闻, pkgName = com.netease.newsreader.activity
07-27 12:18:42.819 26552 28294 I HSM_SEC_UI: AntiVirusTools:checkVirusByCloudConfig pkg=com.netease.newsreader.activity
07-27 12:18:42.827 26552 28294 I HSM_SEC_UI: AntivirusEngineManager:onCheckInstalledApk pkg:com.netease.newsreader.activity
07-27 12:18:42.957 26552 28294 I HSM_SEC_UI: NewEngineUtils:Virus result = , appName = 网易新闻, pkgName = com.netease.newsreader.activity
07-27 12:18:42.957 26552 28294 I HSM_SEC_UI: SecurityThreatsUtil:notifyNewInstallVirusToService pkg=com.netease.newsreader.activity, level=0
07-27 12:18:42.961 26552 28294 I HSM_SEC_UI: AntiVirusScanService:check insatll package result: , appName = 网易新闻, pkgName = com.netease.newsreader.activity
07-27 12:18:44.154  1131  1359 D DeviceIdleController: Setting activity manager temp whitelist to [1000, 10051]
07-27 12:18:45.578 19615  3293 W gle.android.gm: resources.arsc in APK '/data/app/com.netease.newsreader.activity-4ZM3a4CIOaXE3LlHjWYjjw==/base.apk' is compressed.
07-27 12:18:47.991  1131  1274 I ActivityManager_activity: Going to sleep and all paused
07-27 12:18:48.025  1131  1274 I ActivityManager_activity: Going to sleep and all paused
07-27 12:18:52.208 26552  3315 D AdBlock_AbsAdRequest: getPostRequestParam param: apps=%5B%7B%22pkgName%22%3A%22com.netease.newsreader.activity%22%2C%22versionCode%22%3A1175%2C%22version%22%3A%2270.1%22%7D%5D&buildNumber=EML-AL00+9.0.0.999%28C00E333R1P1log%29&clientPackage=com.huawei.systemmanager&emuiVer=EmotionUI_9.0.0&firmwareVersion=9&locale=zh_CN&method=store.getControlStrategy&phoneType=EML-AL00&resolution=1080x2244&sysBits=2&ts=1595823532163&version=9.1.0.303
07-27 12:18:55.883  1131  1359 I ActivityManager_activity: Going to sleep and all paused
